
> blisstrip-clone@1.0.0 build
> vite build

[36mvite v6.4.2 [32mbuilding for production...[36m[39m
transforming...
[32mΓ£ô[39m 31 modules transformed.
node.exe : [31mΓ£ù[39m Build failed in 4.08s
At line:1 char:1
+ & "C:\Program Files\nodejs/node.exe" "C:\Program Files\nodejs/node_mo ...
+ ~~~~~~~~~~~~~~~~~~~~~~~~~~~~~~~~~~~~~~~~~~~~~~~~~~~~~~~~~~~~~~~~~~~~~
    + CategoryInfo          : NotSpecified: ([31mΓ£ù[39m Build failed in 4.08s:String) [], RemoteException
    + FullyQualifiedErrorId : NativeCommandError
 
[31merror during build:
[31m[vite:esbuild] Transform failed with 5 errors:
C:/Users/Sanjeeta Das/OneDrive/Desktop/sanjeeta/semester 2/Sanjeeta Codex/src/components/layout/Footer.jsx:4:9: ERROR: 
The symbol "Facebook" has already been declared
C:/Users/Sanjeeta Das/OneDrive/Desktop/sanjeeta/semester 2/Sanjeeta Codex/src/components/layout/Footer.jsx:4:19: 
ERROR: The symbol "Instagram" has already been declared
C:/Users/Sanjeeta Das/OneDrive/Desktop/sanjeeta/semester 2/Sanjeeta Codex/src/components/layout/Footer.jsx:4:30: 
ERROR: The symbol "Linkedin" has already been declared
C:/Users/Sanjeeta Das/OneDrive/Desktop/sanjeeta/semester 2/Sanjeeta Codex/src/components/layout/Footer.jsx:4:40: 
ERROR: The symbol "Twitter" has already been declared
C:/Users/Sanjeeta Das/OneDrive/Desktop/sanjeeta/semester 2/Sanjeeta Codex/src/components/layout/Footer.jsx:5:9: ERROR: 
The symbol "Link" has already been declared[31m
file: [36mC:/Users/Sanjeeta Das/OneDrive/Desktop/sanjeeta/semester 2/Sanjeeta 
Codex/src/components/layout/Footer.jsx:4:9[31m
[33m
[33mThe symbol "Facebook" has already been declared[33m
2  |  import { Link } from 'react-router-dom';
3  |  
4  |  import { Facebook, Instagram, Linkedin, Twitter } from 'lucide-react';
   |           ^
5  |  import { Link } from 'react-router-dom';
6  |  

[33mThe symbol "Instagram" has already been declared[33m
2  |  import { Link } from 'react-router-dom';
3  |  
4  |  import { Facebook, Instagram, Linkedin, Twitter } from 'lucide-react';
   |                     ^
5  |  import { Link } from 'react-router-dom';
6  |  

[33mThe symbol "Linkedin" has already been declared[33m
2  |  import { Link } from 'react-router-dom';
3  |  
4  |  import { Facebook, Instagram, Linkedin, Twitter } from 'lucide-react';
   |                                ^
5  |  import { Link } from 'react-router-dom';
6  |  

[33mThe symbol "Twitter" has already been declared[33m
2  |  import { Link } from 'react-router-dom';
3  |  
4  |  import { Facebook, Instagram, Linkedin, Twitter } from 'lucide-react';
   |                                          ^
5  |  import { Link } from 'react-router-dom';
6  |  

[33mThe symbol "Link" has already been declared[33m
3  |  
4  |  import { Facebook, Instagram, Linkedin, Twitter } from 'lucide-react';
5  |  import { Link } from 'react-router-dom';
   |           ^
6  |  
7  |  const seoLinks = [
[31m
    at failureErrorWithLog (C:\Users\Sanjeeta Das\OneDrive\Desktop\sanjeeta\semester 2\Sanjeeta 
Codex\node_modules\esbuild\lib\main.js:1467:15)
    at C:\Users\Sanjeeta Das\OneDrive\Desktop\sanjeeta\semester 2\Sanjeeta 
Codex\node_modules\esbuild\lib\main.js:736:50
    at responseCallbacks.<computed> (C:\Users\Sanjeeta Das\OneDrive\Desktop\sanjeeta\semester 2\Sanjeeta 
Codex\node_modules\esbuild\lib\main.js:603:9)
    at handleIncomingPacket (C:\Users\Sanjeeta Das\OneDrive\Desktop\sanjeeta\semester 2\Sanjeeta 
Codex\node_modules\esbuild\lib\main.js:658:12)
    at Socket.readFromStdout (C:\Users\Sanjeeta Das\OneDrive\Desktop\sanjeeta\semester 2\Sanjeeta 
Codex\node_modules\esbuild\lib\main.js:581:7)
    at Socket.emit (node:events:508:28)
    at addChunk (node:internal/streams/readable:559:12)
    at readableAddChunkPushByteMode (node:internal/streams/readable:510:3)
    at Readable.push (node:internal/streams/readable:390:5)
    at Pipe.onStreamRead (node:internal/stream_base_commons:189:23)[39m
